git 
597201889@qq.com
sj86624932

1 先在github上创建库
2 然后clonedown 到本地目录（目录必须是空的）clonedown完成后你会发现有个readme文件
3 


$ git reset --hard HEAD^         回退到上个版本
$ git reset --hard HEAD~3        回退到前3次提交之前，以此类推，回退到n次提交之前
$ git reset --hard commit_id     退到/进到 指定commit的sha码



本地如何上传项目
1 先本地项目的根目录下执行
  git init
  
2 添加当前项目到本地git版本
  git add .  
  
3 项目提交到本地
  git commit -am "首次提交项目到本地"  
  
4 给这个项目关联一个远程地址 
  git remote add orgin 远程地址
例子
  git remote add orgin https://github.com/sujian1988/NodeDB.git
  
5 将本地项目push到线上
             线上  本地分支 -u 是首次提交关联换一下 
  git push -u origin master  
              
  
6 最后是在远程拉取
  git clone 连接    
  
拉取好后可能会确实第三方库，进入server 执行 “npm i” 他会去找packge.json里面需要安装的包   
  
  
  
  
  查看分支 git branch
  
  gitignorge文件是忽略上传的文件，这些文件不用上传到git上面。太大
  
  
7 回退上一版本

git reset --hard HEAD^

这个版本是数据库可以运行的  
[root@iz2ze1nmsp5lb40y72gwdpz NodeDB]# git reset --hard HEAD^
HEAD is now at 13f4e4c 首次提交项目到本地
  
  
  
8 切换分支
git checkout -b 分支名  
  
  
强推  
git push -f git  
  
git config user.name zhangsan
git config user.email zhangsan@qq.com  
 

如果在一个分支上（dev/third-application)修改了内容，
并未推送到远端，那么从该分支进入到另外一个分支(dev/join-corp)时会提示：
Your local changes to the following files would be overwritten by checkout，
也就是无法切换到另一个分支，那么应该怎么既保留修改的内容，又可以正常切换到另一个分支呢，
可以使用git stash将本地修改的内容暂存起来，等再次切换到dev/third-application分支时只需要将
暂存的内容释放出来（git stash apply）就可了。


在分支 dev 的工作结束，切换到分支 master ，然后把 dev 合并到 master 上：

$ git checkout master
Switched to branch 'master'
$ git merge dev
Merge made by the 'recursive' strategy.
 test-2.txt | 3 ++-
 1 file changed, 2 insertions(+), 1 deletion(-)
 
 
 
在IDEA中进行分支切换时，出现如此错误，导致无法正常切换：error: The following untracked working tree files would be overwritten by checkout
通过错误提示可知，是由于一些untracked working tree files引起的问题。所以只要解决了这些untracked的文件就能解决这个问题。
    解决方式：
    打开SourceTree通过命令行，进入本地版本仓库目录下，直接执行
git clean -d -fx
即可。可能很多人都不明白-d，-fx到底是啥意思，其实git clean -d -fx表示：删除 一些 没有 git add 的 文件；
    git clean 参数 
    -n 显示将要删除的文件和目录；	
    -x -----删除忽略文件已经对git来说不识别的文件
    -d -----删除未被添加到git的路径中的文件
    -f -----强制运行
    git clean -n
    git clean -df
    git clean -f
————————————————

 
　　1 先切换到别的分支: git checkout dev20180927

　　2 删除本地分支： git branch -d dev20181018

　　3 如果删除不了可以强制删除，git branch -D dev20181018

　　4 有必要的情况下，删除远程分支：git push origin --delete dev20181018

　　5 在从公用的仓库fetch代码：git fetch origin dev20181018:dev20181018

　　6 然后切换分支即可：git checkout dev20181018
 
 git查看分支图
git log --graph --decorate --oneline --simplify-by-decoration --all
 
***********git 坑***************
在更新代码时，只会更新代码，不会更新文件名的大小写（nodejs）
导致下次更新由于重复创建models 导致端口号被占用，项目无法启动
如果线上无法pull，就根据提示删除提示的文件即可。
（如果想改文件名大小写，例如你要将这个文件名改为小写，那么你要先将原本大写的问题删除掉提交一次，
 再重新创建个小写的。再提交一次） 
 
1 apk下载地址
https://github.com/sujian1988/testDB/blob/master/www/bestshow151.apk?raw=true 

查看分支名 
git branch
 
拉代码前保持一下本地代码 
git stash 
 
git log 查看日志

git pull 从git拉最新代码

 